SQLite format 3   @                                                                     -Ò∏   8 ä8                                                                                                                                                                                                                                                                                                                                                                                                                                                                                                                                                                                                                                                                                                                                        P++Ytablesqlite_sequencesqlite_sequenceCREATE TABLE sqlite_sequence(name,seq)tÅKtableCarsCarsCREATE TABLE `Cars` (
	`id`	INTEGER PRIMARY KEY AUTOINCREMENT,
	`Name`	TEXT,
	`Price`	INTEGER
)   ≈ ıÈ›–≈                                                                                                                                                                                                                                                                                                                                                                                                                                                                                                                                                                                                                                                                                                                                                                                                                                                                                                                                                                                   	 ZazÙ Volvoà
 Ladaà
 Audi#(	 BMW'   ˆ ˆ                                                                                                                                                                                                                                                                                                                                                                                                                                                                                                                                                                                                                                                                                                                                                                                                                                                                                                                                                                                                                                            Cars